3159; 1262 1679025 DATABASE - gismentors_vugtk landa
5; 2615 2200 SCHEMA - public postgres
3160; 0 0 COMMENT - SCHEMA public postgres
182; 3079 11648 EXTENSION - plpgsql 
3161; 0 0 COMMENT - EXTENSION plpgsql 
183; 3079 1679026 EXTENSION - postgis 
3162; 0 0 COMMENT - EXTENSION postgis 
177; 1259 1680425 TABLE public obce landa
176; 1259 1680423 SEQUENCE public obce_ogc_fid_seq landa
3163; 0 0 SEQUENCE OWNED BY public obce_ogc_fid_seq landa
175; 1259 1680322 TABLE public okresy landa
174; 1259 1680320 SEQUENCE public okresy_ogc_fid_seq landa
3164; 0 0 SEQUENCE OWNED BY public okresy_ogc_fid_seq landa
181; 1259 1680453 TABLE public stavebniobjekty landa
180; 1259 1680451 SEQUENCE public stavebniobjekty_ogc_fid_seq landa
3165; 0 0 SEQUENCE OWNED BY public stavebniobjekty_ogc_fid_seq landa
179; 1259 1680441 TABLE public ulice landa
178; 1259 1680439 SEQUENCE public ulice_ogc_fid_seq landa
3166; 0 0 SEQUENCE OWNED BY public ulice_ogc_fid_seq landa
3020; 2604 1680428 DEFAULT public ogc_fid landa
3019; 2604 1680325 DEFAULT public ogc_fid landa
3022; 2604 1680456 DEFAULT public ogc_fid landa
3021; 2604 1680444 DEFAULT public ogc_fid landa
3150; 0 1680425 TABLE DATA public obce landa
3167; 0 0 SEQUENCE SET public obce_ogc_fid_seq landa
3148; 0 1680322 TABLE DATA public okresy landa
3168; 0 0 SEQUENCE SET public okresy_ogc_fid_seq landa
3017; 0 1679294 TABLE DATA public spatial_ref_sys landa
3154; 0 1680453 TABLE DATA public stavebniobjekty landa
3169; 0 0 SEQUENCE SET public stavebniobjekty_ogc_fid_seq landa
3152; 0 1680441 TABLE DATA public ulice landa
3170; 0 0 SEQUENCE SET public ulice_ogc_fid_seq landa
3030; 2606 1680433 CONSTRAINT public obce_pkey landa
3026; 2606 1680330 CONSTRAINT public okresy_pkey landa
3038; 2606 1680461 CONSTRAINT public stavebniobjekty_pkey landa
3034; 2606 1680449 CONSTRAINT public ulice_pkey landa
3027; 1259 1680469 INDEX public obce_gml_id_idx landa
3028; 1259 1680435 INDEX public obce_originalnihranice_geom_idx landa
3023; 1259 1680415 INDEX public okresy_gml_id_idx landa
3024; 1259 1680331 INDEX public okresy_originalnihranice_geom_idx landa
3035; 1259 1680471 INDEX public stavebniobjekty_gml_id_idx landa
3036; 1259 1680463 INDEX public stavebniobjekty_originalnihranice_geom_idx landa
3031; 1259 1680450 INDEX public ulice_definicnicara_geom_idx landa
3032; 1259 1680470 INDEX public ulice_gml_id_idx landa
